{
  "aio": {
    "master": {
      "uncompressed": {
        "runtime-es2015": 3037,
        "main-es2015": 448243,
        "polyfills-es2015": 52685
      }
    }
  },
  "aio-local": {
    "master": {
      "uncompressed": {
        "runtime-es2015": 3037,
        "main-es2015": 448615,
        "polyfills-es2015": 52415
      }
    }
  },
  "aio-local-viewengine": {
    "master": {
      "uncompressed": {
        "runtime-es2015": 3157,
        "main-es2015": 431750,
        "polyfills-es2015": 52415
      }
    }
  }
}
